MPLINK 4.41, Linker
Linker Map File - Created Thu Mar 10 23:28:33 2022

                                 Section Info
                  Section       Type    Address   Location Size(Bytes)
                ---------  ---------  ---------  ---------  ---------
                   .org_0       code   0x000000    program   0x000000
                   .org_1       code   0x000000    program   0x00002c



                              Program Memory Usage 
                               Start         End      
                           ---------   ---------      
                            0x000000    0x000015      
            22 out of 8454 program addresses used, program memory utilization is 0%



                              Symbols - Sorted by Name
                     Name    Address   Location    Storage File                     
                ---------  ---------  ---------  --------- ---------                
              BTN_REVERSE   0x00000b    program     static C:\Users\Devol\Documents\16F876_Assembly\TP2-2\TP2.asm
                BTN_START   0x000008    program     static C:\Users\Devol\Documents\16F876_Assembly\TP2-2\TP2.asm
                     MAIN   0x000008    program     static C:\Users\Devol\Documents\16F876_Assembly\TP2-2\TP2.asm
                  REVERSE   0x000010    program     static C:\Users\Devol\Documents\16F876_Assembly\TP2-2\TP2.asm
              START_MOTOR   0x00000d    program     static C:\Users\Devol\Documents\16F876_Assembly\TP2-2\TP2.asm
               STOP_MOTOR   0x000013    program     static C:\Users\Devol\Documents\16F876_Assembly\TP2-2\TP2.asm
                    debut   0x000000    program     static C:\Users\Devol\Documents\16F876_Assembly\TP2-2\TP2.asm



                              Symbols - Sorted by Address
                     Name    Address   Location    Storage File                     
                ---------  ---------  ---------  --------- ---------                
                    debut   0x000000    program     static C:\Users\Devol\Documents\16F876_Assembly\TP2-2\TP2.asm
                BTN_START   0x000008    program     static C:\Users\Devol\Documents\16F876_Assembly\TP2-2\TP2.asm
                     MAIN   0x000008    program     static C:\Users\Devol\Documents\16F876_Assembly\TP2-2\TP2.asm
              BTN_REVERSE   0x00000b    program     static C:\Users\Devol\Documents\16F876_Assembly\TP2-2\TP2.asm
              START_MOTOR   0x00000d    program     static C:\Users\Devol\Documents\16F876_Assembly\TP2-2\TP2.asm
                  REVERSE   0x000010    program     static C:\Users\Devol\Documents\16F876_Assembly\TP2-2\TP2.asm
               STOP_MOTOR   0x000013    program     static C:\Users\Devol\Documents\16F876_Assembly\TP2-2\TP2.asm


